app/sudoku.tsx(1,8): error TS1259: Module '"C:/Users/ishan/Desktop/uptosix new game/node_modules/@types/react/index"' can only be default-imported using the 'esModuleInterop' flag
app/sudoku.tsx(154,9): error TS17004: Cannot use JSX unless the '--jsx' flag is provided.
app/sudoku.tsx(155,35): error TS17004: Cannot use JSX unless the '--jsx' flag is provided.
app/sudoku.tsx(156,13): error TS17004: Cannot use JSX unless the '--jsx' flag is provided.
app/sudoku.tsx(157,17): error TS17004: Cannot use JSX unless the '--jsx' flag is provided.
app/sudoku.tsx(157,81): error TS17004: Cannot use JSX unless the '--jsx' flag is provided.
app/sudoku.tsx(158,17): error TS17004: Cannot use JSX unless the '--jsx' flag is provided.
app/sudoku.tsx(159,17): error TS17004: Cannot use JSX unless the '--jsx' flag is provided.
app/sudoku.tsx(159,79): error TS17004: Cannot use JSX unless the '--jsx' flag is provided.
app/sudoku.tsx(161,13): error TS17004: Cannot use JSX unless the '--jsx' flag is provided.
app/sudoku.tsx(162,17): error TS17004: Cannot use JSX unless the '--jsx' flag is provided.
app/sudoku.tsx(164,25): error TS17004: Cannot use JSX unless the '--jsx' flag is provided.
app/sudoku.tsx(165,29): error TS17004: Cannot use JSX unless the '--jsx' flag is provided.
app/sudoku.tsx(169,17): error TS17004: Cannot use JSX unless the '--jsx' flag is provided.
app/sudoku.tsx(169,47): error TS17004: Cannot use JSX unless the '--jsx' flag is provided.
app/sudoku.tsx(169,91): error TS17004: Cannot use JSX unless the '--jsx' flag is provided.
app/sudoku.tsx(171,13): error TS17004: Cannot use JSX unless the '--jsx' flag is provided.
app/sudoku.tsx(172,17): error TS17004: Cannot use JSX unless the '--jsx' flag is provided.
app/sudoku.tsx(173,17): error TS17004: Cannot use JSX unless the '--jsx' flag is provided.
app/sudoku.tsx(173,63): error TS17004: Cannot use JSX unless the '--jsx' flag is provided.
app/sudoku.tsx(173,69): error TS2769: No overload matches this call.
  Overload 1 of 2, '(props: ViewProps): View', gave the following error.
    Type '{ key: number; style: ({ width: number; height: number; borderRadius: number; borderWidth: number; borderColor: string; } | { backgroundColor: string; })[]; }' is not assignable to type 'ViewProps'.
      Property 'key' does not exist on type 'ViewProps'.
  Overload 2 of 2, '(props: ViewProps, context: any): View', gave the following error.
    Type '{ key: number; style: ({ width: number; height: number; borderRadius: number; borderWidth: number; borderColor: string; } | { backgroundColor: string; })[]; }' is not assignable to type 'ViewProps'.
      Property 'key' does not exist on type 'ViewProps'.
app/sudoku.tsx(175,13): error TS17004: Cannot use JSX unless the '--jsx' flag is provided.
app/sudoku.tsx(176,41): error TS17004: Cannot use JSX unless the '--jsx' flag is provided.
app/sudoku.tsx(176,164): error TS2769: No overload matches this call.
  Overload 1 of 2, '(props: ImageProps): Image', gave the following error.
    Type '{ source: { uri: string; }; style: (AbsoluteFillStyle | { borderRadius: number; zIndex: number; })[]; resizeMode: "cover"; pointerEvents: string; }' is not assignable to type 'ImageProps'.
      Property 'pointerEvents' does not exist on type 'ImageProps'.
  Overload 2 of 2, '(props: ImageProps, context: any): Image', gave the following error.
    Type '{ source: { uri: string; }; style: (AbsoluteFillStyle | { borderRadius: number; zIndex: number; })[]; resizeMode: "cover"; pointerEvents: string; }' is not assignable to type 'ImageProps'.
      Property 'pointerEvents' does not exist on type 'ImageProps'.
app/sudoku.tsx(177,17): error TS17004: Cannot use JSX unless the '--jsx' flag is provided.
app/sudoku.tsx(179,25): error TS17004: Cannot use JSX unless the '--jsx' flag is provided.
app/sudoku.tsx(179,31): error TS2769: No overload matches this call.
  Overload 1 of 2, '(props: ViewProps): View', gave the following error.
    Type '{ key: number; style: ({ flexDirection: "row"; } | { borderBottomWidth: number; borderBottomColor: string; })[]; }' is not assignable to type 'ViewProps'.
      Property 'key' does not exist on type 'ViewProps'.
  Overload 2 of 2, '(props: ViewProps, context: any): View', gave the following error.
    Type '{ key: number; style: ({ flexDirection: "row"; } | { borderBottomWidth: number; borderBottomColor: string; })[]; }' is not assignable to type 'ViewProps'.
      Property 'key' does not exist on type 'ViewProps'.
app/sudoku.tsx(184,37): error TS17004: Cannot use JSX unless the '--jsx' flag is provided.
app/sudoku.tsx(186,47): error TS17004: Cannot use JSX unless the '--jsx' flag is provided.
app/sudoku.tsx(187,66): error TS17004: Cannot use JSX unless the '--jsx' flag is provided.
app/sudoku.tsx(187,135): error TS17004: Cannot use JSX unless the '--jsx' flag is provided.
app/sudoku.tsx(187,141): error TS2769: No overload matches this call.
  Overload 1 of 2, '(props: TextProps): Text', gave the following error.
    Type '{ key: number; style: ({ textAlign: "center"; color: string; fontWeight: "500"; } | { fontSize: number; width: number; })[]; }' is not assignable to type 'TextProps'.
      Property 'key' does not exist on type 'TextProps'.
  Overload 2 of 2, '(props: TextProps, context: any): Text', gave the following error.
    Type '{ key: number; style: ({ textAlign: "center"; color: string; fontWeight: "500"; } | { fontSize: number; width: number; })[]; }' is not assignable to type 'TextProps'.
      Property 'key' does not exist on type 'TextProps'.
app/sudoku.tsx(197,17): error TS17004: Cannot use JSX unless the '--jsx' flag is provided.
app/sudoku.tsx(198,21): error TS17004: Cannot use JSX unless the '--jsx' flag is provided.
app/sudoku.tsx(199,21): error TS17004: Cannot use JSX unless the '--jsx' flag is provided.
app/sudoku.tsx(202,13): error TS17004: Cannot use JSX unless the '--jsx' flag is provided.
app/sudoku.tsx(203,17): error TS17004: Cannot use JSX unless the '--jsx' flag is provided.
app/sudoku.tsx(203,74): error TS17004: Cannot use JSX unless the '--jsx' flag is provided.
app/sudoku.tsx(203,155): error TS17004: Cannot use JSX unless the '--jsx' flag is provided.
app/sudoku.tsx(204,17): error TS17004: Cannot use JSX unless the '--jsx' flag is provided.
app/sudoku.tsx(204,75): error TS17004: Cannot use JSX unless the '--jsx' flag is provided.
app/sudoku.tsx(204,141): error TS17004: Cannot use JSX unless the '--jsx' flag is provided.
app/sudoku.tsx(205,17): error TS17004: Cannot use JSX unless the '--jsx' flag is provided.
app/sudoku.tsx(205,144): error TS17004: Cannot use JSX unless the '--jsx' flag is provided.
app/sudoku.tsx(205,208): error TS17004: Cannot use JSX unless the '--jsx' flag is provided.
app/sudoku.tsx(207,13): error TS17004: Cannot use JSX unless the '--jsx' flag is provided.
app/sudoku.tsx(211,25): error TS17004: Cannot use JSX unless the '--jsx' flag is provided.
app/sudoku.tsx(212,52): error TS17004: Cannot use JSX unless the '--jsx' flag is provided.
app/sudoku.tsx(213,29): error TS17004: Cannot use JSX unless the '--jsx' flag is provided.
app/sudoku.tsx(214,39): error TS17004: Cannot use JSX unless the '--jsx' flag is provided.
